{
    "multiqc_versions_single": {
        "content": [
            [
                "versions.yml:md5,6eb13f3b11bbcbfc98ad3166420ff760"
            ]
        ],
        "meta": {
            "nf-test": "0.8.4",
            "nextflow": "24.04.2"
        },
        "timestamp": "2024-07-10T12:41:34.562023"
    }
}