{
    "inf_points_out": {
        "content": [
            [
                [
                    {
                        "id": "test",
                        "single_end": false
                    },
                    "16S-V3-V4",
                    "test_16S-V3-V4_inf_points.tsv:md5,b4da973b056b9b5ed4ec7ca8d7998be4"
                ]
            ]
        ],
        "timestamp": "2023-11-03T15:59:01.72783491"
    }
}