{
    "Should take ssu+lsu coordinates and return a formatted .bed file for masking them with bedtools": {
        "content": [
            [
                [
                    {
                        "id": "test",
                        "single_end": false
                    },
                    "test_maskfile.bed:md5,a25e54401e81c19705a6fd4f421e33c6"
                ]
            ]
        ],
        "meta": {
            "nf-test": "0.9.2",
            "nextflow": "25.04.8"
        },
        "timestamp": "2025-10-23T09:18:44.76515"
    }
}