{
    "cutoffs": {
        "content": [
            [
                [
                    {
                        "id": "test",
                        "single_end": false,
                        "var_region": "16S-V3-V4"
                    },
                    "test_16S-V3-V4_cutoffs.tsv:md5,b4da973b056b9b5ed4ec7ca8d7998be4"
                ]
            ]
        ],
        "meta": {
            "nf-test": "0.9.2",
            "nextflow": "24.10.4"
        },
        "timestamp": "2025-03-25T11:31:39.263156319"
    }
}