{
    "asv_count_tables_out": {
        "content": [
            [
                [
                    {
                        "id": "test",
                        "single_end": false,
                        "var_region": "16S-V3-V4"
                    },
                    "test_16S-V3-V4_DADA2-PR2_16S.V3-V4_pr2_asv_krona_counts.txt:md5,ec5d39eef4d33386346c3f6fa007b59d"
                ]
            ]
        ],
        "meta": {
            "nf-test": "0.9.2",
            "nextflow": "24.10.4"
        },
        "timestamp": "2025-03-24T16:19:29.356317047"
    }
}