{
    "primer_validation_out": {
        "content": [
            [
                [
                    {
                        "id": "ERR4334351",
                        "single_end": false
                    },
                    "ERR4334351_primer_validation.tsv:md5,438b00766b1f24f02de89c99358f8972"
                ]
            ]
        ],
        "meta": {
            "nf-test": "0.9.2",
            "nextflow": "25.04.7"
        },
        "timestamp": "2025-10-09T15:16:17.626557"
    }
}