{
    "Should run without failures": {
        "content": [
            [
                [
                    {
                        "id": "test",
                        "single_end": false
                    },
                    [
                        "test_1_map.txt:md5,93a753df1317f72cb181045bc2be3949",
                        "test_2_map.txt:md5,93a753df1317f72cb181045bc2be3949"
                    ],
                    "test_asvs.fasta:md5,3150f757e54a9f7fcc911d44f6495b4e",
                    [
                        "test_1_filt.fastq.gz:md5,35819d59fab6649520fa36e63a405da4",
                        "test_2_filt.fastq.gz:md5,54d86d90378ecdb21e57e545f081f4a4"
                    ]
                ]
            ]
        ],
        "meta": {
            "nf-test": "0.9.2",
            "nextflow": "25.04.7"
        },
        "timestamp": "2025-10-06T10:13:43.129627"
    }
}