{
    "rev_comp_se_primers_out": {
        "content": [
            [
                [
                    {
                        "id": "test",
                        "single_end": false
                    },
                    "test_rev_comp_se_primers.fasta:md5,f26cdc22a5231d2dbd0831f1f1983dc6"
                ]
            ]
        ],
        "timestamp": "2023-11-06T16:07:34.765990196"
    }
}