{
    "fastqsuffixheadercheck - fail - PE": {
        "content": [
            {
                "0": [
                    [
                        {
                            "id": "test",
                            "single_end": false
                        },
                        "test_suffix_header_err.json:md5,735222eb9c22d4d81b312a9682d55679"
                    ]
                ],
                "1": [
                    "versions.yml:md5,3c3c2c79df154c1f2b1bfffb28209a2f"
                ],
                "json": [
                    [
                        {
                            "id": "test",
                            "single_end": false
                        },
                        "test_suffix_header_err.json:md5,735222eb9c22d4d81b312a9682d55679"
                    ]
                ],
                "versions": [
                    "versions.yml:md5,3c3c2c79df154c1f2b1bfffb28209a2f"
                ]
            }
        ],
        "meta": {
            "nf-test": "0.9.2",
            "nextflow": "24.10.5"
        },
        "timestamp": "2025-06-18T11:33:28.905264"
    },
    "fastqsuffixheadercheck - pass - PE": {
        "content": [
            {
                "0": [
                    [
                        {
                            "id": "test",
                            "single_end": false
                        },
                        "test_suffix_header_err.json:md5,d41d8cd98f00b204e9800998ecf8427e"
                    ]
                ],
                "1": [
                    "versions.yml:md5,3c3c2c79df154c1f2b1bfffb28209a2f"
                ],
                "json": [
                    [
                        {
                            "id": "test",
                            "single_end": false
                        },
                        "test_suffix_header_err.json:md5,d41d8cd98f00b204e9800998ecf8427e"
                    ]
                ],
                "versions": [
                    "versions.yml:md5,3c3c2c79df154c1f2b1bfffb28209a2f"
                ]
            }
        ],
        "meta": {
            "nf-test": "0.9.2",
            "nextflow": "24.10.5"
        },
        "timestamp": "2025-06-18T11:33:20.985434"
    },
    "fastqsuffixheadercheck - pass - SE": {
        "content": [
            {
                "0": [
                    [
                        {
                            "id": "test",
                            "single_end": true
                        },
                        "test_suffix_header_err.json:md5,d41d8cd98f00b204e9800998ecf8427e"
                    ]
                ],
                "1": [
                    "versions.yml:md5,3c3c2c79df154c1f2b1bfffb28209a2f"
                ],
                "json": [
                    [
                        {
                            "id": "test",
                            "single_end": true
                        },
                        "test_suffix_header_err.json:md5,d41d8cd98f00b204e9800998ecf8427e"
                    ]
                ],
                "versions": [
                    "versions.yml:md5,3c3c2c79df154c1f2b1bfffb28209a2f"
                ]
            }
        ],
        "meta": {
            "nf-test": "0.9.2",
            "nextflow": "24.10.5"
        },
        "timestamp": "2025-06-18T11:33:13.151863"
    },
    "fastqsuffixheadercheck - stub": {
        "content": [
            {
                "0": [
                    [
                        {
                            "id": "test",
                            "single_end": false
                        },
                        "test_suffix_header_err.json:md5,d41d8cd98f00b204e9800998ecf8427e"
                    ]
                ],
                "1": [
                    "versions.yml:md5,3c3c2c79df154c1f2b1bfffb28209a2f"
                ],
                "json": [
                    [
                        {
                            "id": "test",
                            "single_end": false
                        },
                        "test_suffix_header_err.json:md5,d41d8cd98f00b204e9800998ecf8427e"
                    ]
                ],
                "versions": [
                    "versions.yml:md5,3c3c2c79df154c1f2b1bfffb28209a2f"
                ]
            }
        ],
        "meta": {
            "nf-test": "0.9.2",
            "nextflow": "24.10.5"
        },
        "timestamp": "2025-06-18T11:33:36.574452"
    }
}