{
    "test_reads_fail_seqfu": {
        "content": [
            [
                [
                    {
                        "id": "ERR4674038",
                        "single_end": false
                    },
                    "ERR4674038.tsv:md5,3aa17b2bca2980dbaad41ba5e54c0b44"
                ],
                [
                    {
                        "id": "SRR21814853",
                        "single_end": false
                    },
                    "SRR21814853.tsv:md5,008673dad4dd80a742cc11669f24d6e8"
                ]
            ],
            [
                [
                    {
                        "id": "SRR21814853",
                        "single_end": false
                    },
                    "SRR21814853_suffix_header_err.json:md5,d41d8cd98f00b204e9800998ecf8427e"
                ]
            ],
            [
                [
                    {
                        "id": "SRR21814853",
                        "single_end": false
                    },
                    "AMPLICON"
                ]
            ],
            [
                [
                    {
                        "id": "SRR21814853",
                        "single_end": false
                    },
                    [
                        "SRR21814853_1.fastp.fastq.gz:md5,ab81a64d069ed8876432d8e3bad0b847",
                        "SRR21814853_2.fastp.fastq.gz:md5,f8bf866d116205baa454b7a501a67b62"
                    ]
                ]
            ],
            [
                [
                    {
                        "id": "SRR21814853",
                        "single_end": false
                    },
                    "SRR21814853.merged.fastq.gz:md5,58ededca56f023aa625f51ec241ba849"
                ]
            ],
            [
                [
                    {
                        "id": "SRR21814853",
                        "single_end": false
                    },
                    "SRR21814853.fastp.json:md5,c01d84e7c50bf599baa3fde9fe4d16b5"
                ]
            ],
            [
                [
                    {
                        "id": "SRR21814853",
                        "single_end": false
                    },
                    "SRR21814853.seqtk-seq.fasta.gz:md5,a14b76b1e8c24d3f9d98e61d03a62a53"
                ]
            ],
            [
                {
                    "READS_QC:LIBRARYSTRATEGYCHECK": {
                        "mgnify-pipelines-toolkit": "1.2.1"
                    }
                },
                {
                    "READS_QC:FASTP": {
                        "fastp": "1.0.1"
                    }
                },
                {
                    "READS_QC:PIMENTO_GENERATEBCV": {
                        "mi-pimento": "1.0.2"
                    }
                },
                {
                    "READS_QC:SEQFU_CHECK": {
                        "seqfu": "1.20.3"
                    }
                },
                {
                    "READS_QC:FASTQSUFFIXHEADERCHECK": {
                        "mgnify-pipelines-toolkit": "1.2.11"
                    }
                },
                {
                    "READS_QC:SEQTK_SEQ": {
                        "seqtk": "1.4-r122"
                    }
                }
            ]
        ],
        "meta": {
            "nf-test": "0.9.2",
            "nextflow": "25.04.8"
        },
        "timestamp": "2025-10-21T14:48:53.38909"
    },
    "test_reads_onlyfail": {
        "content": [
            [
                [
                    {
                        "id": "ERR4674038",
                        "single_end": false
                    },
                    "ERR4674038.tsv:md5,e56475d0fee9cdc4fb3eda621f924af9"
                ]
            ],
            [
                [
                    {
                        "id": "ERR4674038",
                        "single_end": false
                    },
                    "ERR4674038_suffix_header_err.json:md5,735222eb9c22d4d81b312a9682d55679"
                ]
            ],
            [
                
            ],
            [
                
            ],
            [
                
            ],
            [
                
            ],
            [
                
            ],
            [
                {
                    "READS_QC:SEQFU_CHECK": {
                        "seqfu": "1.20.3"
                    }
                },
                {
                    "READS_QC:FASTQSUFFIXHEADERCHECK": {
                        "mgnify-pipelines-toolkit": "1.2.11"
                    }
                }
            ]
        ],
        "meta": {
            "nf-test": "0.9.2",
            "nextflow": "25.04.8"
        },
        "timestamp": "2025-10-21T13:56:33.390132"
    },
    "test_reads_qc_success": {
        "content": [
            [
                [
                    {
                        "id": "SRR21814853",
                        "single_end": false
                    },
                    "SRR21814853.tsv:md5,008673dad4dd80a742cc11669f24d6e8"
                ]
            ],
            [
                [
                    {
                        "id": "SRR21814853",
                        "single_end": false
                    },
                    "SRR21814853_suffix_header_err.json:md5,d41d8cd98f00b204e9800998ecf8427e"
                ]
            ],
            [
                [
                    {
                        "id": "SRR21814853",
                        "single_end": false
                    },
                    "AMPLICON"
                ]
            ],
            [
                [
                    {
                        "id": "SRR21814853",
                        "single_end": false
                    },
                    [
                        "SRR21814853_1.fastp.fastq.gz:md5,ab81a64d069ed8876432d8e3bad0b847",
                        "SRR21814853_2.fastp.fastq.gz:md5,f8bf866d116205baa454b7a501a67b62"
                    ]
                ]
            ],
            [
                [
                    {
                        "id": "SRR21814853",
                        "single_end": false
                    },
                    "SRR21814853.merged.fastq.gz:md5,58ededca56f023aa625f51ec241ba849"
                ]
            ],
            [
                [
                    {
                        "id": "SRR21814853",
                        "single_end": false
                    },
                    "SRR21814853.fastp.json:md5,c01d84e7c50bf599baa3fde9fe4d16b5"
                ]
            ],
            [
                [
                    {
                        "id": "SRR21814853",
                        "single_end": false
                    },
                    "SRR21814853.seqtk-seq.fasta.gz:md5,a14b76b1e8c24d3f9d98e61d03a62a53"
                ]
            ],
            [
                {
                    "READS_QC:LIBRARYSTRATEGYCHECK": {
                        "mgnify-pipelines-toolkit": "1.2.1"
                    }
                },
                {
                    "READS_QC:FASTP": {
                        "fastp": "1.0.1"
                    }
                },
                {
                    "READS_QC:PIMENTO_GENERATEBCV": {
                        "mi-pimento": "1.0.2"
                    }
                },
                {
                    "READS_QC:SEQFU_CHECK": {
                        "seqfu": "1.20.3"
                    }
                },
                {
                    "READS_QC:FASTQSUFFIXHEADERCHECK": {
                        "mgnify-pipelines-toolkit": "1.2.11"
                    }
                },
                {
                    "READS_QC:SEQTK_SEQ": {
                        "seqtk": "1.4-r122"
                    }
                }
            ]
        ],
        "meta": {
            "nf-test": "0.9.2",
            "nextflow": "25.04.8"
        },
        "timestamp": "2025-10-21T14:47:40.255571"
    },
    "test_reads_qc_success_PE_and_SE": {
        "content": [
            [
                [
                    {
                        "id": "SRR21814853",
                        "single_end": false
                    },
                    "SRR21814853.tsv:md5,008673dad4dd80a742cc11669f24d6e8"
                ],
                [
                    {
                        "id": "SRR9674626",
                        "single_end": true
                    },
                    "SRR9674626.tsv:md5,32fe04fb341506b55cfa1d06e7338684"
                ]
            ],
            [
                [
                    {
                        "id": "SRR21814853",
                        "single_end": false
                    },
                    "SRR21814853_suffix_header_err.json:md5,d41d8cd98f00b204e9800998ecf8427e"
                ]
            ],
            [
                [
                    {
                        "id": "SRR21814853",
                        "single_end": false
                    },
                    "AMPLICON"
                ],
                [
                    {
                        "id": "SRR9674626",
                        "single_end": true
                    },
                    "AMPLICON"
                ]
            ],
            [
                [
                    {
                        "id": "SRR21814853",
                        "single_end": false
                    },
                    [
                        "SRR21814853_1.fastp.fastq.gz:md5,ab81a64d069ed8876432d8e3bad0b847",
                        "SRR21814853_2.fastp.fastq.gz:md5,f8bf866d116205baa454b7a501a67b62"
                    ]
                ],
                [
                    {
                        "id": "SRR9674626",
                        "single_end": true
                    },
                    "SRR9674626.fastp.fastq.gz:md5,0c995d511de40f082b05050986e87fe9"
                ]
            ],
            [
                [
                    {
                        "id": "SRR21814853",
                        "single_end": false
                    },
                    "SRR21814853.merged.fastq.gz:md5,58ededca56f023aa625f51ec241ba849"
                ],
                [
                    {
                        "id": "SRR9674626",
                        "single_end": true
                    },
                    "SRR9674626.fastp.fastq.gz:md5,0c995d511de40f082b05050986e87fe9"
                ]
            ],
            [
                [
                    {
                        "id": "SRR21814853",
                        "single_end": false
                    },
                    "SRR21814853.fastp.json:md5,c01d84e7c50bf599baa3fde9fe4d16b5"
                ],
                [
                    {
                        "id": "SRR9674626",
                        "single_end": true
                    },
                    "SRR9674626.fastp.json:md5,dee10680579ca7830d5bfdd6d627d973"
                ]
            ],
            [
                [
                    {
                        "id": "SRR21814853",
                        "single_end": false
                    },
                    "SRR21814853.seqtk-seq.fasta.gz:md5,a14b76b1e8c24d3f9d98e61d03a62a53"
                ],
                [
                    {
                        "id": "SRR9674626",
                        "single_end": true
                    },
                    "SRR9674626.seqtk-seq.fasta.gz:md5,ff2e774fecf23e1f30432c741b831183"
                ]
            ],
            [
                {
                    "READS_QC:LIBRARYSTRATEGYCHECK": {
                        "mgnify-pipelines-toolkit": "1.2.1"
                    }
                },
                {
                    "READS_QC:FASTP": {
                        "fastp": "1.0.1"
                    }
                },
                {
                    "READS_QC:PIMENTO_GENERATEBCV": {
                        "mi-pimento": "1.0.2"
                    }
                },
                {
                    "READS_QC:SEQFU_CHECK": {
                        "seqfu": "1.20.3"
                    }
                },
                {
                    "READS_QC:FASTQSUFFIXHEADERCHECK": {
                        "mgnify-pipelines-toolkit": "1.2.11"
                    }
                },
                {
                    "READS_QC:SEQTK_SEQ": {
                        "seqtk": "1.4-r122"
                    }
                }
            ]
        ],
        "meta": {
            "nf-test": "0.9.2",
            "nextflow": "25.04.8"
        },
        "timestamp": "2025-11-05T09:58:59.506194"
    },
    "test_reads_fail_suffixheader": {
        "content": [
            [
                [
                    {
                        "id": "ERR4674038",
                        "single_end": false
                    },
                    "ERR4674038.tsv:md5,e56475d0fee9cdc4fb3eda621f924af9"
                ],
                [
                    {
                        "id": "SRR21814853",
                        "single_end": false
                    },
                    "SRR21814853.tsv:md5,008673dad4dd80a742cc11669f24d6e8"
                ]
            ],
            [
                [
                    {
                        "id": "ERR4674038",
                        "single_end": false
                    },
                    "ERR4674038_suffix_header_err.json:md5,735222eb9c22d4d81b312a9682d55679"
                ],
                [
                    {
                        "id": "SRR21814853",
                        "single_end": false
                    },
                    "SRR21814853_suffix_header_err.json:md5,d41d8cd98f00b204e9800998ecf8427e"
                ]
            ],
            [
                [
                    {
                        "id": "SRR21814853",
                        "single_end": false
                    },
                    "AMPLICON"
                ]
            ],
            [
                [
                    {
                        "id": "SRR21814853",
                        "single_end": false
                    },
                    [
                        "SRR21814853_1.fastp.fastq.gz:md5,ab81a64d069ed8876432d8e3bad0b847",
                        "SRR21814853_2.fastp.fastq.gz:md5,f8bf866d116205baa454b7a501a67b62"
                    ]
                ]
            ],
            [
                [
                    {
                        "id": "SRR21814853",
                        "single_end": false
                    },
                    "SRR21814853.merged.fastq.gz:md5,58ededca56f023aa625f51ec241ba849"
                ]
            ],
            [
                [
                    {
                        "id": "SRR21814853",
                        "single_end": false
                    },
                    "SRR21814853.fastp.json:md5,c01d84e7c50bf599baa3fde9fe4d16b5"
                ]
            ],
            [
                [
                    {
                        "id": "SRR21814853",
                        "single_end": false
                    },
                    "SRR21814853.seqtk-seq.fasta.gz:md5,a14b76b1e8c24d3f9d98e61d03a62a53"
                ]
            ],
            [
                {
                    "READS_QC:LIBRARYSTRATEGYCHECK": {
                        "mgnify-pipelines-toolkit": "1.2.1"
                    }
                },
                {
                    "READS_QC:FASTP": {
                        "fastp": "1.0.1"
                    }
                },
                {
                    "READS_QC:PIMENTO_GENERATEBCV": {
                        "mi-pimento": "1.0.2"
                    }
                },
                {
                    "READS_QC:SEQFU_CHECK": {
                        "seqfu": "1.20.3"
                    }
                },
                {
                    "READS_QC:FASTQSUFFIXHEADERCHECK": {
                        "mgnify-pipelines-toolkit": "1.2.11"
                    }
                },
                {
                    "READS_QC:SEQTK_SEQ": {
                        "seqtk": "1.4-r122"
                    }
                }
            ]
        ],
        "meta": {
            "nf-test": "0.9.2",
            "nextflow": "25.04.8"
        },
        "timestamp": "2025-10-21T14:50:09.126295"
    },
    "test_reads_qc_notamplicon": {
        "content": [
            [
                [
                    {
                        "id": "SRR21814853",
                        "single_end": false
                    },
                    "SRR21814853.tsv:md5,008673dad4dd80a742cc11669f24d6e8"
                ]
            ],
            [
                [
                    {
                        "id": "SRR21814853",
                        "single_end": false
                    },
                    "SRR21814853_suffix_header_err.json:md5,d41d8cd98f00b204e9800998ecf8427e"
                ]
            ],
            [
                
            ],
            [
                [
                    {
                        "id": "SRR21814853",
                        "single_end": false
                    },
                    [
                        "SRR21814853_1.fastp.fastq.gz:md5,ab81a64d069ed8876432d8e3bad0b847",
                        "SRR21814853_2.fastp.fastq.gz:md5,f8bf866d116205baa454b7a501a67b62"
                    ]
                ]
            ],
            [
                [
                    {
                        "id": "SRR21814853",
                        "single_end": false
                    },
                    "SRR21814853.merged.fastq.gz:md5,58ededca56f023aa625f51ec241ba849"
                ]
            ],
            [
                [
                    {
                        "id": "SRR21814853",
                        "single_end": false
                    },
                    "SRR21814853.fastp.json:md5,c01d84e7c50bf599baa3fde9fe4d16b5"
                ]
            ],
            [
                [
                    {
                        "id": "SRR21814853",
                        "single_end": false
                    },
                    "SRR21814853.seqtk-seq.fasta.gz:md5,a14b76b1e8c24d3f9d98e61d03a62a53"
                ]
            ],
            [
                {
                    "READS_QC:FASTP": {
                        "fastp": "1.0.1"
                    }
                },
                {
                    "READS_QC:SEQFU_CHECK": {
                        "seqfu": "1.20.3"
                    }
                },
                {
                    "READS_QC:FASTQSUFFIXHEADERCHECK": {
                        "mgnify-pipelines-toolkit": "1.2.11"
                    }
                },
                {
                    "READS_QC:SEQTK_SEQ": {
                        "seqtk": "1.4-r122"
                    }
                }
            ]
        ],
        "meta": {
            "nf-test": "0.9.2",
            "nextflow": "25.04.8"
        },
        "timestamp": "2025-10-21T14:51:42.767549"
    }
}